
> wheat-frontend-next@0.1.0 build
> next build

   ▲ Next.js 16.0.4 (Turbopack)

   Creating an optimized production build ...
Error: Cannot apply unknown utility class `bg-white/5`. Are you using CSS modules or similar and missing `@reference`? https://tailwindcss.com/docs/functions-and-directives#reference-directive
    [2m[at onInvalidCandidate (D:\Mera kissan Mirtra\wheat-frontend-next\node_modules\tailwindcss\dist\lib.js:21:1314)][0m
    [2m[at Te (D:\Mera kissan Mirtra\wheat-frontend-next\node_modules\tailwindcss\dist\lib.js:16:36364)][0m
    [2m[at D:\Mera kissan Mirtra\wheat-frontend-next\node_modules\tailwindcss\dist\lib.js:21:355][0m
    [2m[at Tr (D:\Mera kissan Mirtra\wheat-frontend-next\node_modules\tailwindcss\dist\lib.js:3:1718)][0m
    [2m[at _ (D:\Mera kissan Mirtra\wheat-frontend-next\node_modules\tailwindcss\dist\lib.js:3:1377)][0m
    [2m[at Se (D:\Mera kissan Mirtra\wheat-frontend-next\node_modules\tailwindcss\dist\lib.js:21:172)][0m
    [2m[at ln (D:\Mera kissan Mirtra\wheat-frontend-next\node_modules\tailwindcss\dist\lib.js:38:294)][0m
    [2m[at process.processTicksAndRejections (node:internal/process/task_queues:103:5)][0m
    [2m[at async sn (D:\Mera kissan Mirtra\wheat-frontend-next\node_modules\tailwindcss\dist\lib.js:38:631)][0m
    [2m[at async Qr (D:\Mera kissan Mirtra\wheat-frontend-next\node_modules\@tailwindcss\node\dist\index.js:10:3385)][0m

> Build error occurred
Error: Turbopack build failed with 1 errors:
./app/globals.css
Error evaluating Node.js code
CssSyntaxError: tailwindcss: D:\Mera kissan Mirtra\wheat-frontend-next\app\globals.css:1:1: Cannot apply unknown utility class `bg-white/5`. Are you using CSS modules or similar and missing `@reference`? https://tailwindcss.com/docs/functions-and-directives#reference-directive
    at Input.error (node_modules/postcss/lib/input.js:135:16) [D:\Mera kissan Mirtra\wheat-frontend-next\.next\build\chunks\node_modules_fe693df6._.js:4651:22]
    at Root.error (node_modules/postcss/lib/node.js:146:32) [D:\Mera kissan Mirtra\wheat-frontend-next\.next\build\chunks\node_modules_fe693df6._.js:928:38]
    [at Object.Once (D:\Mera kissan Mirtra\wheat-frontend-next\node_modules\@tailwindcss\postcss\dist\index.js:10:6912)]
    [at process.processTicksAndRejections (node:internal/process/task_queues:103:5)]
    at async LazyResult.runAsync (node_modules/postcss/lib/lazy-result.js:293:11) [D:\Mera kissan Mirtra\wheat-frontend-next\.next\build\chunks\node_modules_fe693df6._.js:6206:21]
    at async transform (turbopack:///[turbopack-node]/transforms/postcss.ts:70:34) [D:\Mera kissan Mirtra\wheat-frontend-next\.next\build\chunks\[root-of-the-server]__51225daf._.js:146:36]
    at async run (turbopack:///[turbopack-node]/ipc/evaluate.ts:92:23) [D:\Mera kissan Mirtra\wheat-frontend-next\.next\build\chunks\[root-of-the-server]__974941ed._.js:443:31]

Import trace:
  Client Component Browser:
    ./app/globals.css [Client Component Browser]
    ./app/layout.tsx [Server Component]


    at async transform (turbopack:///[turbopack-node]/transforms/postcss.ts:70:34) [D:\Mera kissan Mirtra\wheat-frontend-next\.next\build\chunks\[root-of-the-server]__51225daf._.js:146:36])
    at async run (turbopack:///[turbopack-node]/ipc/evaluate.ts:92:23) [D:\Mera kissan Mirtra\wheat-frontend-next\.next\build\chunks\[root-of-the-server]__974941ed._.js:443:31])
